// Jest Snapshot v1, https://goo.gl/fbAQLP

exports[`Message Composer should render correctly 1`] = `
ShallowWrapper {
  "length": 1,
  Symbol(enzyme.__root__): [Circular],
  Symbol(enzyme.__unrendered__): <MessageComposer
    username="test user"
/>,
  Symbol(enzyme.__renderer__): Object {
    "batchedUpdates": [Function],
    "getNode": [Function],
    "render": [Function],
    "simulateEvent": [Function],
    "unmount": [Function],
  },
  Symbol(enzyme.__node__): Object {
    "instance": null,
    "key": undefined,
    "nodeType": "host",
    "props": Object {
      "children": <form
        className="Message-composer_form"
        onSubmit={[Function]}
>
        <TextField
                className="Message-composer_chat-input"
                disabled={false}
                floatingLabelFixed={false}
                fullWidth={false}
                multiLine={false}
                onChange={[Function]}
                placeholder="Enter message..."
                rows={1}
                type="text"
                underlineShow={true}
                value=""
        />
        <RaisedButton
                className="Message-composer_sendbutton"
                disabled={false}
                fullWidth={false}
                label="Send"
                labelPosition="after"
                primary={false}
                secondary={false}
                type="submit"
        />
</form>,
      "className": "Message-composer",
    },
    "ref": null,
    "rendered": Object {
      "instance": null,
      "key": undefined,
      "nodeType": "host",
      "props": Object {
        "children": Array [
          <TextField
            className="Message-composer_chat-input"
            disabled={false}
            floatingLabelFixed={false}
            fullWidth={false}
            multiLine={false}
            onChange={[Function]}
            placeholder="Enter message..."
            rows={1}
            type="text"
            underlineShow={true}
            value=""
/>,
          <RaisedButton
            className="Message-composer_sendbutton"
            disabled={false}
            fullWidth={false}
            label="Send"
            labelPosition="after"
            primary={false}
            secondary={false}
            type="submit"
/>,
        ],
        "className": "Message-composer_form",
        "onSubmit": [Function],
      },
      "ref": null,
      "rendered": Array [
        Object {
          "instance": null,
          "key": undefined,
          "nodeType": "class",
          "props": Object {
            "className": "Message-composer_chat-input",
            "disabled": false,
            "floatingLabelFixed": false,
            "fullWidth": false,
            "multiLine": false,
            "onChange": [Function],
            "placeholder": "Enter message...",
            "rows": 1,
            "type": "text",
            "underlineShow": true,
            "value": "",
          },
          "ref": null,
          "rendered": null,
          "type": [Function],
        },
        Object {
          "instance": null,
          "key": undefined,
          "nodeType": "class",
          "props": Object {
            "className": "Message-composer_sendbutton",
            "disabled": false,
            "fullWidth": false,
            "label": "Send",
            "labelPosition": "after",
            "primary": false,
            "secondary": false,
            "type": "submit",
          },
          "ref": null,
          "rendered": null,
          "type": [Function],
        },
      ],
      "type": "form",
    },
    "type": "div",
  },
  Symbol(enzyme.__nodes__): Array [
    Object {
      "instance": null,
      "key": undefined,
      "nodeType": "host",
      "props": Object {
        "children": <form
          className="Message-composer_form"
          onSubmit={[Function]}
>
          <TextField
                    className="Message-composer_chat-input"
                    disabled={false}
                    floatingLabelFixed={false}
                    fullWidth={false}
                    multiLine={false}
                    onChange={[Function]}
                    placeholder="Enter message..."
                    rows={1}
                    type="text"
                    underlineShow={true}
                    value=""
          />
          <RaisedButton
                    className="Message-composer_sendbutton"
                    disabled={false}
                    fullWidth={false}
                    label="Send"
                    labelPosition="after"
                    primary={false}
                    secondary={false}
                    type="submit"
          />
</form>,
        "className": "Message-composer",
      },
      "ref": null,
      "rendered": Object {
        "instance": null,
        "key": undefined,
        "nodeType": "host",
        "props": Object {
          "children": Array [
            <TextField
              className="Message-composer_chat-input"
              disabled={false}
              floatingLabelFixed={false}
              fullWidth={false}
              multiLine={false}
              onChange={[Function]}
              placeholder="Enter message..."
              rows={1}
              type="text"
              underlineShow={true}
              value=""
/>,
            <RaisedButton
              className="Message-composer_sendbutton"
              disabled={false}
              fullWidth={false}
              label="Send"
              labelPosition="after"
              primary={false}
              secondary={false}
              type="submit"
/>,
          ],
          "className": "Message-composer_form",
          "onSubmit": [Function],
        },
        "ref": null,
        "rendered": Array [
          Object {
            "instance": null,
            "key": undefined,
            "nodeType": "class",
            "props": Object {
              "className": "Message-composer_chat-input",
              "disabled": false,
              "floatingLabelFixed": false,
              "fullWidth": false,
              "multiLine": false,
              "onChange": [Function],
              "placeholder": "Enter message...",
              "rows": 1,
              "type": "text",
              "underlineShow": true,
              "value": "",
            },
            "ref": null,
            "rendered": null,
            "type": [Function],
          },
          Object {
            "instance": null,
            "key": undefined,
            "nodeType": "class",
            "props": Object {
              "className": "Message-composer_sendbutton",
              "disabled": false,
              "fullWidth": false,
              "label": "Send",
              "labelPosition": "after",
              "primary": false,
              "secondary": false,
              "type": "submit",
            },
            "ref": null,
            "rendered": null,
            "type": [Function],
          },
        ],
        "type": "form",
      },
      "type": "div",
    },
  ],
  Symbol(enzyme.__options__): Object {
    "adapter": ReactSixteenAdapter {
      "options": Object {
        "enableComponentDidUpdateOnSetState": true,
      },
    },
  },
}
`;
